// Jest Snapshot v1, https://goo.gl/fbAQLP

exports[`<Typography /> snapshot 1`] = `
<styled.h1>
  Typography
</styled.h1>
`;
