// Jest Snapshot v1, https://goo.gl/fbAQLP

exports[`<Button /> snapshot 1`] = `
<styled.div
  as="button"
  iconPosition="left"
  variant="default"
>
  Click me
</styled.div>
`;
